// Jest Snapshot v1, https://goo.gl/fbAQLP

exports[`matches snapshot 1`] = `
<DocumentFragment>
  <div>
    <h1>
      Color Box Form
    </h1>
    <form>
      <label
        for="backgroundColor"
      >
        Background Color: 
      </label>
      <input
        id="backgroundColor"
        name="backgroundColor"
        type="text"
        value=""
      />
      <label
        for="width"
      >
        Width: 
      </label>
      <input
        id="width"
        name="width"
        type="text"
        value=""
      />
      <label
        for="height"
      >
        Height: 
      </label>
      <input
        id="height"
        name="height"
        type="text"
        value=""
      />
      <button
        type="submit"
      >
        Add Box
      </button>
    </form>
  </div>
  <div>
    <h1>
      New Todo Form
    </h1>
    <form>
      <input
        placeholder="Enter a new todo"
        type="text"
        value=""
      />
      <button
        type="submit"
      >
        Add
      </button>
    </form>
    <div />
  </div>
</DocumentFragment>
`;
