// Jest Snapshot v1, https://goo.gl/fbAQLP

exports[`matches snapshot 1`] = `
<DocumentFragment>
  <div
    class="Box"
    style="--background-color: blue; --width: 100px; --height: 100px;"
  >
    <button
      class="remove-btn"
    >
      X
    </button>
  </div>
</DocumentFragment>
`;
