// Jest Snapshot v1, https://goo.gl/fbAQLP

exports[`matches snapshot 1`] = `
<DocumentFragment>
  <div
    class="todo-item"
  >
    <p
      class="todo-text"
    >
      Test Todo
    </p>
    <button
      class="remove-button"
    >
      X
    </button>
  </div>
</DocumentFragment>
`;
